MSBuild version 18.5.4+cb4e32d21 for .NET Framework

  wiApplication.cpp
  wiApplication_BindLua.cpp
  wiEmittedParticle.cpp
  wiGPUBVH.cpp
  wiGUI.cpp
  wiGaussianSplatModel.cpp
  wiGraphicsDevice_DX12.cpp
  wiInitializer.cpp
  wiInput.cpp
  wiPathQuery.cpp
  wiPhysics_Jolt.cpp
  wiProfiler.cpp
  wiRenderPath3D.cpp
  wiRenderPath3D_PathTracing.cpp
  wiRenderer.cpp
  wiScene.cpp
  wiTerrain.cpp
  WickedEngine_Windows.vcxproj -> C:\Users\r3d_flzp\ARC-Hardening-GPU\WickedEngine\BUILD\x64\Release\WickedEngine_Windows.lib
  stdafx.cpp
  ArcWickedBridge.cpp
  Tests.cpp
  main_Windows.cpp
  Создание кода
  2 of 74082 functions (<0.1%) were compiled, the rest were copied from previous compilation.
    0 functions were new in current compilation
    747 functions had inline decision re-evaluated but remain unchanged
  Создание кода завершено
  Tests.vcxproj -> C:\Users\r3d_flzp\ARC-Hardening-GPU\WickedEngine\BUILD\x64\Release\Tests\Tests.exe
